[dotenv@17.2.3] injecting env (2) from .env.local -- tip: ÔÜÖ´©Å  override existing env vars with { override: true }
­ƒÜÇ Starting Backend Verification Script...

1. Checking Store...
Ô£à Found existing store: c8016813-5db9-4605-b1c5-794983d4b156

2. Creating Product...
Ô£à Product created: Test Product 1763946678062 (ID: 068d5458-d21b-41f2-9f3d-ee8c7768c346)

3. Updating Product...
Ô£à Product updated successfully

4. Creating Sale...
Ô£à Sale created: 528e112d-67d6-43c7-b7f9-18df610d9fb1

5. Adding Sale Items...
Ô£à Sale items added

6. Processing Payment...
node.exe : ÔØî Failed to process payment RPC: {
No linha:1 caractere:1
+ & "C:\Program Files\nodejs/node.exe" "C:\Program Files\nodejs/node_mo ...
+ ~~~~~~~~~~~~~~~~~~~~~~~~~~~~~~~~~~~~~~~~~~~~~~~~~~~~~~~~~~~~~~~~~~~~~
    + CategoryInfo          : NotSpecified: (ÔØî Failed to process payment RPC: {:St 
   ring) [], RemoteException
    + FullyQualifiedErrorId : NativeCommandError
 
  code: '42804',
  details: null,
  hint: 'You will need to rewrite or cast the expression.',
  message: 'column "reference_id" is of type uuid but expression is of type text'
}
